Git-version control system
github- remote repository service

//commands
//git status - to check current status
//git log- -to log all the logs
//git add filename or . to add all will bring the changes added to commit
//after added new content, changes to be either commited or we can remove the added one to previous stage
//git commit -m "message to be added"
//git restore --staged <file>..." to unstage the file added ie. the changes will be unstaged

//to add and commit at same time  use -a flag
use git commit -m"message" -a

//lets delete file file1.txt by mistake and then using git we will be getting it back > rm -rf file1.txt
//and later commited all changes including deleion of file.
//now to get back i have to go back to previous commit , so i have to remove current commit from history of commits
//each commit has a hash id, and each built on top of each other, so we cant delete in between
//just use git reset commithashwhichwe get from gitl log comand
//we have to reset the commit to the commit we wnat
//and this will make all the commits deleted just above it
git reset 2a3b37a6304c96c1e8de1a3d45835cecdeaab647
and 
Unstaged changes after reset:
M       file1.txt


//workign of git stash, git stash pop and git stash clear

//git stash
alit rawat@luck MINGW64 ~/Desktop/PrjTo/gitInitial (master)
$ git stash
Saved working directory and index state WIP on master: 3031b1a trial txt file added:

lalit rawat@luck MINGW64 ~/Desktop/PrjTo/gitInitial (master)
$ git stash pop
Removing trial.txt
On branch master
Changes to be committed:
  (use "git restore --staged <file>..." to unstage)
        new file:   trial2.txt

Changes not staged for commit:
  (use "git add/rm <file>..." to update what will be committed)
  (use "git restore <file>..." to discard changes in working directory)
        modified:   file1.txt
        deleted:    trial.txt

Dropped refs/stash@{0} (f8648ca1cefba00a8c8fc83df5126558fd637eb8)

lalit rawat@luck MINGW64 ~/Desktop/PrjTo/gitInitial (master)
$ git stash clear

